10:00:32 **** Build of project lab6_bsp ****
make -k all 
libgen -hw ../lab5_hw_platform/system.xml\
	       \
	       -pe microblaze_0 \
	       -log libgen.log \
	       system.mss
libgen
Xilinx EDK 14.6 Build EDK_P.68d
Copyright (c) 1995-2012 Xilinx, Inc.  All rights reserved.

Command Line: libgen -hw ../lab5_hw_platform/system.xml -pe microblaze_0 -log
libgen.log system.mss 


Staging source files.
Running DRCs.
Running generate.
Running post_generate.
Running include - 'make -s include "COMPILER=mb-gcc" "ARCHIVER=mb-ar"
"COMPILER_FLAGS=-mlittle-endian -mno-xl-soft-mul -mxl-barrel-shift
-mxl-pattern-compare -mcpu=v8.50.b  -O2 -c" "EXTRA_COMPILER_FLAGS=-g
-ffunction-sections -fdata-sections"'.

Running libs - 'make -s libs "COMPILER=mb-gcc" "ARCHIVER=mb-ar"
"COMPILER_FLAGS=-mlittle-endian -mno-xl-soft-mul -mxl-barrel-shift
-mxl-pattern-compare -mcpu=v8.50.b  -O2 -c" "EXTRA_COMPILER_FLAGS=-g
-ffunction-sections -fdata-sections"'.
"Compiling common"
"Compiling standalone";
"Compiling intc"
"Compiling uartlite"
"Compiling bram"
"Compiling cpu"
Running execs_generate.
'Finished building libraries'
10:00:44 **** Build of configuration Debug for project lab6 ****
make all 
'Building file: ../src/helloworld.c'
'Invoking: MicroBlaze gcc compiler'
mb-gcc -Wall -O0 -g3 -c -fmessage-length=0 -I../../lab6_bsp/microblaze_0/include -mlittle-endian -mxl-barrel-shift -mxl-pattern-compare -mcpu=v8.50.b -mno-xl-soft-mul -Wl,--no-relax -ffunction-sections -fdata-sections -MMD -MP -MF"src/helloworld.d" -MT"src/helloworld.d" -o "src/helloworld.o" "../src/helloworld.c"
'Finished building: ../src/helloworld.c'
' '
'Building file: ../src/platform.c'
'Invoking: MicroBlaze gcc compiler'
mb-gcc -Wall -O0 -g3 -c -fmessage-length=0 -I../../lab6_bsp/microblaze_0/include -mlittle-endian -mxl-barrel-shift -mxl-pattern-compare -mcpu=v8.50.b -mno-xl-soft-mul -Wl,--no-relax -ffunction-sections -fdata-sections -MMD -MP -MF"src/platform.d" -MT"src/platform.d" -o "src/platform.o" "../src/platform.c"
'Finished building: ../src/platform.c'
' '
'Building target: lab6.elf'
'Invoking: MicroBlaze gcc linker'
mb-gcc -Wl,-T -Wl,../src/lscript.ld -L../../lab6_bsp/microblaze_0/lib -mlittle-endian -mxl-barrel-shift -mxl-pattern-compare -mcpu=v8.50.b -mno-xl-soft-mul -Wl,--no-relax -Wl,--gc-sections -o "lab6.elf"  ./src/helloworld.o ./src/platform.o   -Wl,--start-group,-lxil,-lgcc,-lc,--end-group
'Finished building target: lab6.elf'
' '
'Invoking: MicroBlaze Print Size'
mb-size lab6.elf  |tee "lab6.elf.size"
   text	   data	    bss	    dec	    hex	filename
   2174	    268	   2080	   4522	   11aa	lab6.elf
'Finished building: lab6.elf.size'
' '
'Invoking: Xilinx ELF Check'
elfcheck lab6.elf -hw ../../lab5_hw_platform/system.xml -pe microblaze_0  |tee "lab6.elf.elfcheck"
elfcheck
Xilinx EDK 14.6 Build EDK_P.68d
Copyright (c) 1995-2012 Xilinx, Inc.  All rights reserved.

Command Line: elfcheck -hw ../../lab5_hw_platform/system.xml -pe microblaze_0
lab6.elf 

ELF file	: lab6.elf
elfcheck passed.
'Finished building: lab6.elf.elfcheck'
' '
10:02:26 **** Auto Build of configuration Debug for project lab6 ****
make all 
'Building file: ../src/helloworld.c'
'Invoking: MicroBlaze gcc compiler'
mb-gcc -Wall -O0 -g3 -c -fmessage-length=0 -I../../lab6_bsp/microblaze_0/include -mlittle-endian -mxl-barrel-shift -mxl-pattern-compare -mcpu=v8.50.b -mno-xl-soft-mul -Wl,--no-relax -ffunction-sections -fdata-sections -MMD -MP -MF"src/helloworld.d" -MT"src/helloworld.d" -o "src/helloworld.o" "../src/helloworld.c"
../src/helloworld.c:38:28: fatal error: vga_periph_mem.h: No such file or directory
compilation terminated.
make: *** [src/helloworld.o] Greška 1
10:03:09 **** Auto Build of configuration Debug for project lab6 ****
make all 
'Building file: ../src/helloworld.c'
'Invoking: MicroBlaze gcc compiler'
mb-gcc -Wall -O0 -g3 -c -fmessage-length=0 -I../../lab6_bsp/microblaze_0/include -mlittle-endian -mxl-barrel-shift -mxl-pattern-compare -mcpu=v8.50.b -mno-xl-soft-mul -Wl,--no-relax -ffunction-sections -fdata-sections -MMD -MP -MF"src/helloworld.d" -MT"src/helloworld.d" -o "src/helloworld.o" "../src/helloworld.c"
../src/helloworld.c:38:28: fatal error: vga_periph_mem.h: No such file or directory
compilation terminated.
make: *** [src/helloworld.o] Greška 1
10:03:26 **** Auto Build of configuration Debug for project lab6 ****
make all 
'Building file: ../src/helloworld.c'
'Invoking: MicroBlaze gcc compiler'
mb-gcc -Wall -O0 -g3 -c -fmessage-length=0 -I../../lab6_bsp/microblaze_0/include -mlittle-endian -mxl-barrel-shift -mxl-pattern-compare -mcpu=v8.50.b -mno-xl-soft-mul -Wl,--no-relax -ffunction-sections -fdata-sections -MMD -MP -MF"src/helloworld.d" -MT"src/helloworld.d" -o "src/helloworld.o" "../src/helloworld.c"
../src/helloworld.c:38:28: fatal error: vga_periph_mem.h: No such file or directory
compilation terminated.
make: *** [src/helloworld.o] Greška 1
10:03:41 **** Auto Build of configuration Debug for project lab6 ****
make all 
'Building file: ../src/helloworld.c'
'Invoking: MicroBlaze gcc compiler'
mb-gcc -Wall -O0 -g3 -c -fmessage-length=0 -I../../lab6_bsp/microblaze_0/include -mlittle-endian -mxl-barrel-shift -mxl-pattern-compare -mcpu=v8.50.b -mno-xl-soft-mul -Wl,--no-relax -ffunction-sections -fdata-sections -MMD -MP -MF"src/helloworld.d" -MT"src/helloworld.d" -o "src/helloworld.o" "../src/helloworld.c"
../src/helloworld.c: In function 'main':
../src/helloworld.c:49:5: warning: implicit declaration of function 'VGA_PERIPH_MEM_mWriteMemory' [-Wimplicit-function-declaration]
../src/helloworld.c:62:5: warning: implicit declaration of function 'clear_text_screen' [-Wimplicit-function-declaration]
../src/helloworld.c:63:5: warning: implicit declaration of function 'clear_graphics_screen' [-Wimplicit-function-declaration]
../src/helloworld.c:64:5: warning: implicit declaration of function 'draw_square' [-Wimplicit-function-declaration]
../src/helloworld.c:65:5: warning: implicit declaration of function 'set_cursor' [-Wimplicit-function-declaration]
../src/helloworld.c:66:5: warning: implicit declaration of function 'print_string' [-Wimplicit-function-declaration]
../src/helloworld.c:67:5: warning: implicit declaration of function 'print_char' [-Wimplicit-function-declaration]
../src/helloworld.c:68:5: warning: implicit declaration of function 'clear_screen' [-Wimplicit-function-declaration]
../src/helloworld.c:69:5: warning: implicit declaration of function 'move_graph' [-Wimplicit-function-declaration]
'Finished building: ../src/helloworld.c'
' '
'Building file: ../src/vga_periph_mem.c'
'Invoking: MicroBlaze gcc compiler'
mb-gcc -Wall -O0 -g3 -c -fmessage-length=0 -I../../lab6_bsp/microblaze_0/include -mlittle-endian -mxl-barrel-shift -mxl-pattern-compare -mcpu=v8.50.b -mno-xl-soft-mul -Wl,--no-relax -ffunction-sections -fdata-sections -MMD -MP -MF"src/vga_periph_mem.d" -MT"src/vga_periph_mem.d" -o "src/vga_periph_mem.o" "../src/vga_periph_mem.c"
../src/vga_periph_mem.c:19:1: error: unknown type name 'Xuint32'
../src/vga_periph_mem.c:22:17: error: unknown type name 'Xuint32'
../src/vga_periph_mem.c:26:24: error: unknown type name 'Xuint32'
../src/vga_periph_mem.c:33:19: error: unknown type name 'Xuint32'
../src/vga_periph_mem.c:40:17: error: unknown type name 'Xuint32'
../src/vga_periph_mem.c:44:28: error: unknown type name 'Xuint32'
../src/vga_periph_mem.c:51:19: error: unknown type name 'Xuint32'
../src/vga_periph_mem.c:56:18: error: unknown type name 'Xuint32'
../src/vga_periph_mem.c:71:17: error: unknown type name 'Xuint32'
make: *** [src/vga_periph_mem.o] Greška 1
10:03:55 **** Auto Build of configuration Debug for project lab6 ****
make all 
'Building file: ../src/vga_periph_mem.c'
'Invoking: MicroBlaze gcc compiler'
mb-gcc -Wall -O0 -g3 -c -fmessage-length=0 -I../../lab6_bsp/microblaze_0/include -mlittle-endian -mxl-barrel-shift -mxl-pattern-compare -mcpu=v8.50.b -mno-xl-soft-mul -Wl,--no-relax -ffunction-sections -fdata-sections -MMD -MP -MF"src/vga_periph_mem.d" -MT"src/vga_periph_mem.d" -o "src/vga_periph_mem.o" "../src/vga_periph_mem.c"
../src/vga_periph_mem.c: In function 'move_graph':
../src/vga_periph_mem.c:80:3: warning: statement with no effect [-Wunused-value]
'Finished building: ../src/vga_periph_mem.c'
' '
'Building target: lab6.elf'
'Invoking: MicroBlaze gcc linker'
mb-gcc -Wl,-T -Wl,../src/lscript.ld -L../../lab6_bsp/microblaze_0/lib -mlittle-endian -mxl-barrel-shift -mxl-pattern-compare -mcpu=v8.50.b -mno-xl-soft-mul -Wl,--no-relax -Wl,--gc-sections -o "lab6.elf"  ./src/helloworld.o ./src/platform.o ./src/vga_periph_mem.o   -Wl,--start-group,-lxil,-lgcc,-lc,--end-group
./src/helloworld.o: In function `main':
C:\Users\student\Desktop\RA147\Zadatak5\lab5\SDK\SDK_Workspace\lab6\Debug/../src/helloworld.c:49: undefined reference to `VGA_PERIPH_MEM_mWriteMemory'
C:\Users\student\Desktop\RA147\Zadatak5\lab5\SDK\SDK_Workspace\lab6\Debug/../src/helloworld.c:50: undefined reference to `VGA_PERIPH_MEM_mWriteMemory'
C:\Users\student\Desktop\RA147\Zadatak5\lab5\SDK\SDK_Workspace\lab6\Debug/../src/helloworld.c:51: undefined reference to `VGA_PERIPH_MEM_mWriteMemory'
C:\Users\student\Desktop\RA147\Zadatak5\lab5\SDK\SDK_Workspace\lab6\Debug/../src/helloworld.c:52: undefined reference to `VGA_PERIPH_MEM_mWriteMemory'
C:\Users\student\Desktop\RA147\Zadatak5\lab5\SDK\SDK_Workspace\lab6\Debug/../src/helloworld.c:53: undefined reference to `VGA_PERIPH_MEM_mWriteMemory'
./src/helloworld.o:C:\Users\student\Desktop\RA147\Zadatak5\lab5\SDK\SDK_Workspace\lab6\Debug/../src/helloworld.c:54: more undefined references to `VGA_PERIPH_MEM_mWriteMemory' follow
collect2: ld returned 1 exit status
make: *** [lab6.elf] Greška 1
10:04:20 **** Auto Build of configuration Debug for project lab6 ****
make all 
'Building file: ../src/vga_periph_mem_selftest.c'
'Invoking: MicroBlaze gcc compiler'
mb-gcc -Wall -O0 -g3 -c -fmessage-length=0 -I../../lab6_bsp/microblaze_0/include -mlittle-endian -mxl-barrel-shift -mxl-pattern-compare -mcpu=v8.50.b -mno-xl-soft-mul -Wl,--no-relax -ffunction-sections -fdata-sections -MMD -MP -MF"src/vga_periph_mem_selftest.d" -MT"src/vga_periph_mem_selftest.d" -o "src/vga_periph_mem_selftest.o" "../src/vga_periph_mem_selftest.c"
'Finished building: ../src/vga_periph_mem_selftest.c'
' '
'Building target: lab6.elf'
'Invoking: MicroBlaze gcc linker'
mb-gcc -Wl,-T -Wl,../src/lscript.ld -L../../lab6_bsp/microblaze_0/lib -mlittle-endian -mxl-barrel-shift -mxl-pattern-compare -mcpu=v8.50.b -mno-xl-soft-mul -Wl,--no-relax -Wl,--gc-sections -o "lab6.elf"  ./src/helloworld.o ./src/platform.o ./src/vga_periph_mem.o ./src/vga_periph_mem_selftest.o   -Wl,--start-group,-lxil,-lgcc,-lc,--end-group
./src/helloworld.o: In function `main':
C:\Users\student\Desktop\RA147\Zadatak5\lab5\SDK\SDK_Workspace\lab6\Debug/../src/helloworld.c:49: undefined reference to `VGA_PERIPH_MEM_mWriteMemory'
C:\Users\student\Desktop\RA147\Zadatak5\lab5\SDK\SDK_Workspace\lab6\Debug/../src/helloworld.c:50: undefined reference to `VGA_PERIPH_MEM_mWriteMemory'
C:\Users\student\Desktop\RA147\Zadatak5\lab5\SDK\SDK_Workspace\lab6\Debug/../src/helloworld.c:51: undefined reference to `VGA_PERIPH_MEM_mWriteMemory'
C:\Users\student\Desktop\RA147\Zadatak5\lab5\SDK\SDK_Workspace\lab6\Debug/../src/helloworld.c:52: undefined reference to `VGA_PERIPH_MEM_mWriteMemory'
C:\Users\student\Desktop\RA147\Zadatak5\lab5\SDK\SDK_Workspace\lab6\Debug/../src/helloworld.c:53: undefined reference to `VGA_PERIPH_MEM_mWriteMemory'
./src/helloworld.o:C:\Users\student\Desktop\RA147\Zadatak5\lab5\SDK\SDK_Workspace\lab6\Debug/../src/helloworld.c:54: more undefined references to `VGA_PERIPH_MEM_mWriteMemory' follow
collect2: ld returned 1 exit status
make: *** [lab6.elf] Greška 1
10:04:28 **** Auto Build of configuration Debug for project lab6 ****
make all 
'Building file: ../src/vga_periph_mem_selftest.c'
'Invoking: MicroBlaze gcc compiler'
mb-gcc -Wall -O0 -g3 -c -fmessage-length=0 -I../../lab6_bsp/microblaze_0/include -mlittle-endian -mxl-barrel-shift -mxl-pattern-compare -mcpu=v8.50.b -mno-xl-soft-mul -Wl,--no-relax -ffunction-sections -fdata-sections -MMD -MP -MF"src/vga_periph_mem_selftest.d" -MT"src/vga_periph_mem_selftest.d" -o "src/vga_periph_mem_selftest.o" "../src/vga_periph_mem_selftest.c"
../src/vga_periph_mem_selftest.c:2:1: warning: "/*" within comment [-Wcomment]
../src/vga_periph_mem_selftest.c:86:28: error: expected '=', ',', ';', 'asm' or '__attribute__' before '.' token
../src/vga_periph_mem_selftest.c:88:17: error: too many decimal points in number
make: *** [src/vga_periph_mem_selftest.o] Greška 1
10:04:49 **** Auto Build of configuration Debug for project lab6 ****
make all 
'Building file: ../src/vga_periph_mem_selftest.c'
'Invoking: MicroBlaze gcc compiler'
mb-gcc -Wall -O0 -g3 -c -fmessage-length=0 -I../../lab6_bsp/microblaze_0/include -mlittle-endian -mxl-barrel-shift -mxl-pattern-compare -mcpu=v8.50.b -mno-xl-soft-mul -Wl,--no-relax -ffunction-sections -fdata-sections -MMD -MP -MF"src/vga_periph_mem_selftest.d" -MT"src/vga_periph_mem_selftest.d" -o "src/vga_periph_mem_selftest.o" "../src/vga_periph_mem_selftest.c"
../src/vga_periph_mem_selftest.c:86:28: error: expected '=', ',', ';', 'asm' or '__attribute__' before '.' token
../src/vga_periph_mem_selftest.c:88:17: error: too many decimal points in number
make: *** [src/vga_periph_mem_selftest.o] Greška 1
10:05:04 **** Auto Build of configuration Debug for project lab6 ****
make all 
'Building file: ../src/vga_periph_mem_selftest.c'
'Invoking: MicroBlaze gcc compiler'
mb-gcc -Wall -O0 -g3 -c -fmessage-length=0 -I../../lab6_bsp/microblaze_0/include -mlittle-endian -mxl-barrel-shift -mxl-pattern-compare -mcpu=v8.50.b -mno-xl-soft-mul -Wl,--no-relax -ffunction-sections -fdata-sections -MMD -MP -MF"src/vga_periph_mem_selftest.d" -MT"src/vga_periph_mem_selftest.d" -o "src/vga_periph_mem_selftest.o" "../src/vga_periph_mem_selftest.c"
'Finished building: ../src/vga_periph_mem_selftest.c'
' '
'Building target: lab6.elf'
'Invoking: MicroBlaze gcc linker'
mb-gcc -Wl,-T -Wl,../src/lscript.ld -L../../lab6_bsp/microblaze_0/lib -mlittle-endian -mxl-barrel-shift -mxl-pattern-compare -mcpu=v8.50.b -mno-xl-soft-mul -Wl,--no-relax -Wl,--gc-sections -o "lab6.elf"  ./src/helloworld.o ./src/platform.o ./src/vga_periph_mem.o ./src/vga_periph_mem_selftest.o   -Wl,--start-group,-lxil,-lgcc,-lc,--end-group
./src/helloworld.o: In function `main':
C:\Users\student\Desktop\RA147\Zadatak5\lab5\SDK\SDK_Workspace\lab6\Debug/../src/helloworld.c:49: undefined reference to `VGA_PERIPH_MEM_mWriteMemory'
C:\Users\student\Desktop\RA147\Zadatak5\lab5\SDK\SDK_Workspace\lab6\Debug/../src/helloworld.c:50: undefined reference to `VGA_PERIPH_MEM_mWriteMemory'
C:\Users\student\Desktop\RA147\Zadatak5\lab5\SDK\SDK_Workspace\lab6\Debug/../src/helloworld.c:51: undefined reference to `VGA_PERIPH_MEM_mWriteMemory'
C:\Users\student\Desktop\RA147\Zadatak5\lab5\SDK\SDK_Workspace\lab6\Debug/../src/helloworld.c:52: undefined reference to `VGA_PERIPH_MEM_mWriteMemory'
C:\Users\student\Desktop\RA147\Zadatak5\lab5\SDK\SDK_Workspace\lab6\Debug/../src/helloworld.c:53: undefined reference to `VGA_PERIPH_MEM_mWriteMemory'
./src/helloworld.o:C:\Users\student\Desktop\RA147\Zadatak5\lab5\SDK\SDK_Workspace\lab6\Debug/../src/helloworld.c:54: more undefined references to `VGA_PERIPH_MEM_mWriteMemory' follow
collect2: ld returned 1 exit status
make: *** [lab6.elf] Greška 1
10:06:38 **** Auto Build of configuration Debug for project lab6 ****
make all 
'Building file: ../src/helloworld.c'
'Invoking: MicroBlaze gcc compiler'
mb-gcc -Wall -O0 -g3 -c -fmessage-length=0 -I../../lab6_bsp/microblaze_0/include -mlittle-endian -mxl-barrel-shift -mxl-pattern-compare -mcpu=v8.50.b -mno-xl-soft-mul -Wl,--no-relax -ffunction-sections -fdata-sections -MMD -MP -MF"src/helloworld.d" -MT"src/helloworld.d" -o "src/helloworld.o" "../src/helloworld.c"
'Finished building: ../src/helloworld.c'
' '
'Building target: lab6.elf'
'Invoking: MicroBlaze gcc linker'
mb-gcc -Wl,-T -Wl,../src/lscript.ld -L../../lab6_bsp/microblaze_0/lib -mlittle-endian -mxl-barrel-shift -mxl-pattern-compare -mcpu=v8.50.b -mno-xl-soft-mul -Wl,--no-relax -Wl,--gc-sections -o "lab6.elf"  ./src/helloworld.o ./src/platform.o ./src/vga_periph_mem.o ./src/vga_periph_mem_selftest.o   -Wl,--start-group,-lxil,-lgcc,-lc,--end-group
'Finished building target: lab6.elf'
' '
'Invoking: MicroBlaze Print Size'
mb-size lab6.elf  |tee "lab6.elf.size"
   text	   data	    bss	    dec	    hex	filename
   3810	    268	   2098	   6176	   1820	lab6.elf
'Finished building: lab6.elf.size'
' '
'Invoking: Xilinx ELF Check'
elfcheck lab6.elf -hw ../../lab5_hw_platform/system.xml -pe microblaze_0  |tee "lab6.elf.elfcheck"
elfcheck
Xilinx EDK 14.6 Build EDK_P.68d
Copyright (c) 1995-2012 Xilinx, Inc.  All rights reserved.

Command Line: elfcheck -hw ../../lab5_hw_platform/system.xml -pe microblaze_0
lab6.elf 

ELF file	: lab6.elf
elfcheck passed.
'Finished building: lab6.elf.elfcheck'
' '
10:06:50 **** Auto Build of configuration Debug for project lab6 ****
make all 
'Building file: ../src/helloworld.c'
'Invoking: MicroBlaze gcc compiler'
mb-gcc -Wall -O0 -g3 -c -fmessage-length=0 -I../../lab6_bsp/microblaze_0/include -mlittle-endian -mxl-barrel-shift -mxl-pattern-compare -mcpu=v8.50.b -mno-xl-soft-mul -Wl,--no-relax -ffunction-sections -fdata-sections -MMD -MP -MF"src/helloworld.d" -MT"src/helloworld.d" -o "src/helloworld.o" "../src/helloworld.c"
'Finished building: ../src/helloworld.c'
' '
'Building target: lab6.elf'
'Invoking: MicroBlaze gcc linker'
mb-gcc -Wl,-T -Wl,../src/lscript.ld -L../../lab6_bsp/microblaze_0/lib -mlittle-endian -mxl-barrel-shift -mxl-pattern-compare -mcpu=v8.50.b -mno-xl-soft-mul -Wl,--no-relax -Wl,--gc-sections -o "lab6.elf"  ./src/helloworld.o ./src/platform.o ./src/vga_periph_mem.o ./src/vga_periph_mem_selftest.o   -Wl,--start-group,-lxil,-lgcc,-lc,--end-group
'Finished building target: lab6.elf'
' '
'Invoking: MicroBlaze Print Size'
mb-size lab6.elf  |tee "lab6.elf.size"
   text	   data	    bss	    dec	    hex	filename
   3810	    268	   2098	   6176	   1820	lab6.elf
'Finished building: lab6.elf.size'
' '
'Invoking: Xilinx ELF Check'
elfcheck lab6.elf -hw ../../lab5_hw_platform/system.xml -pe microblaze_0  |tee "lab6.elf.elfcheck"
elfcheck
Xilinx EDK 14.6 Build EDK_P.68d
Copyright (c) 1995-2012 Xilinx, Inc.  All rights reserved.

Command Line: elfcheck -hw ../../lab5_hw_platform/system.xml -pe microblaze_0
lab6.elf 

ELF file	: lab6.elf
elfcheck passed.
'Finished building: lab6.elf.elfcheck'
' '
10:07:14 **** Auto Build of configuration Debug for project lab6 ****
make all 
'Building file: ../src/helloworld.c'
'Invoking: MicroBlaze gcc compiler'
mb-gcc -Wall -O0 -g3 -c -fmessage-length=0 -I../../lab6_bsp/microblaze_0/include -mlittle-endian -mxl-barrel-shift -mxl-pattern-compare -mcpu=v8.50.b -mno-xl-soft-mul -Wl,--no-relax -ffunction-sections -fdata-sections -MMD -MP -MF"src/helloworld.d" -MT"src/helloworld.d" -o "src/helloworld.o" "../src/helloworld.c"
'Finished building: ../src/helloworld.c'
' '
'Building target: lab6.elf'
'Invoking: MicroBlaze gcc linker'
mb-gcc -Wl,-T -Wl,../src/lscript.ld -L../../lab6_bsp/microblaze_0/lib -mlittle-endian -mxl-barrel-shift -mxl-pattern-compare -mcpu=v8.50.b -mno-xl-soft-mul -Wl,--no-relax -Wl,--gc-sections -o "lab6.elf"  ./src/helloworld.o ./src/platform.o ./src/vga_periph_mem.o ./src/vga_periph_mem_selftest.o   -Wl,--start-group,-lxil,-lgcc,-lc,--end-group
'Finished building target: lab6.elf'
' '
'Invoking: MicroBlaze Print Size'
mb-size lab6.elf  |tee "lab6.elf.size"
   text	   data	    bss	    dec	    hex	filename
   3810	    268	   2098	   6176	   1820	lab6.elf
'Finished building: lab6.elf.size'
' '
'Invoking: Xilinx ELF Check'
elfcheck lab6.elf -hw ../../lab5_hw_platform/system.xml -pe microblaze_0  |tee "lab6.elf.elfcheck"
elfcheck
Xilinx EDK 14.6 Build EDK_P.68d
Copyright (c) 1995-2012 Xilinx, Inc.  All rights reserved.

Command Line: elfcheck -hw ../../lab5_hw_platform/system.xml -pe microblaze_0
lab6.elf 

ELF file	: lab6.elf
elfcheck passed.
'Finished building: lab6.elf.elfcheck'
' '
10:07:29 **** Auto Build of configuration Debug for project lab6 ****
make all 
'Building file: ../src/helloworld.c'
'Invoking: MicroBlaze gcc compiler'
mb-gcc -Wall -O0 -g3 -c -fmessage-length=0 -I../../lab6_bsp/microblaze_0/include -mlittle-endian -mxl-barrel-shift -mxl-pattern-compare -mcpu=v8.50.b -mno-xl-soft-mul -Wl,--no-relax -ffunction-sections -fdata-sections -MMD -MP -MF"src/helloworld.d" -MT"src/helloworld.d" -o "src/helloworld.o" "../src/helloworld.c"
../src/helloworld.c: In function 'main':
../src/helloworld.c:50:29: warning: unused variable 'value3' [-Wunused-variable]
../src/helloworld.c:50:21: warning: unused variable 'value2' [-Wunused-variable]
../src/helloworld.c:50:13: warning: unused variable 'value1' [-Wunused-variable]
'Finished building: ../src/helloworld.c'
' '
'Building target: lab6.elf'
'Invoking: MicroBlaze gcc linker'
mb-gcc -Wl,-T -Wl,../src/lscript.ld -L../../lab6_bsp/microblaze_0/lib -mlittle-endian -mxl-barrel-shift -mxl-pattern-compare -mcpu=v8.50.b -mno-xl-soft-mul -Wl,--no-relax -Wl,--gc-sections -o "lab6.elf"  ./src/helloworld.o ./src/platform.o ./src/vga_periph_mem.o ./src/vga_periph_mem_selftest.o   -Wl,--start-group,-lxil,-lgcc,-lc,--end-group
'Finished building target: lab6.elf'
' '
'Invoking: MicroBlaze Print Size'
mb-size lab6.elf  |tee "lab6.elf.size"
   text	   data	    bss	    dec	    hex	filename
   3810	    268	   2098	   6176	   1820	lab6.elf
'Finished building: lab6.elf.size'
' '
'Invoking: Xilinx ELF Check'
elfcheck lab6.elf -hw ../../lab5_hw_platform/system.xml -pe microblaze_0  |tee "lab6.elf.elfcheck"
elfcheck
Xilinx EDK 14.6 Build EDK_P.68d
Copyright (c) 1995-2012 Xilinx, Inc.  All rights reserved.

Command Line: elfcheck -hw ../../lab5_hw_platform/system.xml -pe microblaze_0
lab6.elf 

ELF file	: lab6.elf
elfcheck passed.
'Finished building: lab6.elf.elfcheck'
' '
10:08:34 **** Auto Build of configuration Debug for project lab6 ****
make all 
'Building file: ../src/helloworld.c'
'Invoking: MicroBlaze gcc compiler'
mb-gcc -Wall -O0 -g3 -c -fmessage-length=0 -I../../lab6_bsp/microblaze_0/include -mlittle-endian -mxl-barrel-shift -mxl-pattern-compare -mcpu=v8.50.b -mno-xl-soft-mul -Wl,--no-relax -ffunction-sections -fdata-sections -MMD -MP -MF"src/helloworld.d" -MT"src/helloworld.d" -o "src/helloworld.o" "../src/helloworld.c"
../src/helloworld.c: In function 'main':
../src/helloworld.c:74:5: error: 'Status' undeclared (first use in this function)
../src/helloworld.c:74:5: note: each undeclared identifier is reported only once for each function it appears in
../src/helloworld.c:78:36: error: 'XPAR_INTC_0_MY_TIMER_0_VEC_ID' undeclared (first use in this function)
../src/helloworld.c:79:58: error: 'irq' undeclared (first use in this function)
../src/helloworld.c:50:29: warning: unused variable 'value3' [-Wunused-variable]
../src/helloworld.c:50:21: warning: unused variable 'value2' [-Wunused-variable]
../src/helloworld.c:50:13: warning: unused variable 'value1' [-Wunused-variable]
make: *** [src/helloworld.o] Greška 1
10:12:11 **** Auto Build of configuration Debug for project lab6 ****
make all 
'Building file: ../src/helloworld.c'
'Invoking: MicroBlaze gcc compiler'
mb-gcc -Wall -O0 -g3 -c -fmessage-length=0 -I../../lab6_bsp/microblaze_0/include -mlittle-endian -mxl-barrel-shift -mxl-pattern-compare -mcpu=v8.50.b -mno-xl-soft-mul -Wl,--no-relax -ffunction-sections -fdata-sections -MMD -MP -MF"src/helloworld.d" -MT"src/helloworld.d" -o "src/helloworld.o" "../src/helloworld.c"
../src/helloworld.c: In function 'main':
../src/helloworld.c:78:5: error: 'Status' undeclared (first use in this function)
../src/helloworld.c:78:5: note: each undeclared identifier is reported only once for each function it appears in
../src/helloworld.c:82:36: error: 'XPAR_INTC_0_MY_TIMER_0_VEC_ID' undeclared (first use in this function)
../src/helloworld.c:83:58: error: expected expression before ',' token
../src/helloworld.c:54:29: warning: unused variable 'value3' [-Wunused-variable]
../src/helloworld.c:54:21: warning: unused variable 'value2' [-Wunused-variable]
../src/helloworld.c:54:13: warning: unused variable 'value1' [-Wunused-variable]
make: *** [src/helloworld.o] Greška 1
10:12:37 **** Auto Build of configuration Debug for project lab6 ****
make all 
'Building file: ../src/helloworld.c'
'Invoking: MicroBlaze gcc compiler'
mb-gcc -Wall -O0 -g3 -c -fmessage-length=0 -I../../lab6_bsp/microblaze_0/include -mlittle-endian -mxl-barrel-shift -mxl-pattern-compare -mcpu=v8.50.b -mno-xl-soft-mul -Wl,--no-relax -ffunction-sections -fdata-sections -MMD -MP -MF"src/helloworld.d" -MT"src/helloworld.d" -o "src/helloworld.o" "../src/helloworld.c"
../src/helloworld.c: In function 'main':
../src/helloworld.c:78:5: error: 'Status' undeclared (first use in this function)
../src/helloworld.c:78:5: note: each undeclared identifier is reported only once for each function it appears in
../src/helloworld.c:82:36: error: 'XPAR_INTC_0_MY_TIMER_0_VEC_ID' undeclared (first use in this function)
../src/helloworld.c:54:29: warning: unused variable 'value3' [-Wunused-variable]
../src/helloworld.c:54:21: warning: unused variable 'value2' [-Wunused-variable]
../src/helloworld.c:54:13: warning: unused variable 'value1' [-Wunused-variable]
make: *** [src/helloworld.o] Greška 1
10:12:52 **** Auto Build of configuration Debug for project lab6 ****
make all 
'Building file: ../src/helloworld.c'
'Invoking: MicroBlaze gcc compiler'
mb-gcc -Wall -O0 -g3 -c -fmessage-length=0 -I../../lab6_bsp/microblaze_0/include -mlittle-endian -mxl-barrel-shift -mxl-pattern-compare -mcpu=v8.50.b -mno-xl-soft-mul -Wl,--no-relax -ffunction-sections -fdata-sections -MMD -MP -MF"src/helloworld.d" -MT"src/helloworld.d" -o "src/helloworld.o" "../src/helloworld.c"
../src/helloworld.c: In function 'main':
../src/helloworld.c:82:36: error: 'XPAR_INTC_0_MY_TIMER_0_VEC_ID' undeclared (first use in this function)
../src/helloworld.c:82:36: note: each undeclared identifier is reported only once for each function it appears in
../src/helloworld.c:54:29: warning: unused variable 'value3' [-Wunused-variable]
../src/helloworld.c:54:21: warning: unused variable 'value2' [-Wunused-variable]
../src/helloworld.c:54:13: warning: unused variable 'value1' [-Wunused-variable]
make: *** [src/helloworld.o] Greška 1
10:18:49 **** Auto Build of project lab6_bsp ****
make -k all 
'Finished building libraries'
10:18:49 **** Auto Build of configuration Debug for project lab6 ****
make all 
'Building file: ../src/helloworld.c'
'Invoking: MicroBlaze gcc compiler'
mb-gcc -Wall -O0 -g3 -c -fmessage-length=0 -I../../lab6_bsp/microblaze_0/include -mlittle-endian -mxl-barrel-shift -mxl-pattern-compare -mcpu=v8.50.b -mno-xl-soft-mul -Wl,--no-relax -ffunction-sections -fdata-sections -MMD -MP -MF"src/helloworld.d" -MT"src/helloworld.d" -o "src/helloworld.o" "../src/helloworld.c"
../src/helloworld.c: In function 'main':
../src/helloworld.c:82:36: error: 'XPAR_INTC_0_MY_TIMER_0_VEC_ID' undeclared (first use in this function)
../src/helloworld.c:82:36: note: each undeclared identifier is reported only once for each function it appears in
../src/helloworld.c:54:29: warning: unused variable 'value3' [-Wunused-variable]
../src/helloworld.c:54:21: warning: unused variable 'value2' [-Wunused-variable]
../src/helloworld.c:54:13: warning: unused variable 'value1' [-Wunused-variable]
make: *** [src/helloworld.o] Greška 1
10:19:10 **** Auto Build of configuration Debug for project lab6 ****
make all 
'Building file: ../src/helloworld.c'
'Invoking: MicroBlaze gcc compiler'
mb-gcc -Wall -O0 -g3 -c -fmessage-length=0 -I../../lab6_bsp/microblaze_0/include -mlittle-endian -mxl-barrel-shift -mxl-pattern-compare -mcpu=v8.50.b -mno-xl-soft-mul -Wl,--no-relax -ffunction-sections -fdata-sections -MMD -MP -MF"src/helloworld.d" -MT"src/helloworld.d" -o "src/helloworld.o" "../src/helloworld.c"
../src/helloworld.c: In function 'main':
../src/helloworld.c:54:29: warning: unused variable 'value3' [-Wunused-variable]
../src/helloworld.c:54:21: warning: unused variable 'value2' [-Wunused-variable]
../src/helloworld.c:54:13: warning: unused variable 'value1' [-Wunused-variable]
'Finished building: ../src/helloworld.c'
' '
'Building target: lab6.elf'
'Invoking: MicroBlaze gcc linker'
mb-gcc -Wl,-T -Wl,../src/lscript.ld -L../../lab6_bsp/microblaze_0/lib -mlittle-endian -mxl-barrel-shift -mxl-pattern-compare -mcpu=v8.50.b -mno-xl-soft-mul -Wl,--no-relax -Wl,--gc-sections -o "lab6.elf"  ./src/helloworld.o ./src/platform.o ./src/vga_periph_mem.o ./src/vga_periph_mem_selftest.o   -Wl,--start-group,-lxil,-lgcc,-lc,--end-group
'Finished building target: lab6.elf'
' '
'Invoking: MicroBlaze Print Size'
mb-size lab6.elf  |tee "lab6.elf.size"
   text	   data	    bss	    dec	    hex	filename
   7906	    316	   2250	  10472	   28e8	lab6.elf
'Finished building: lab6.elf.size'
' '
'Invoking: Xilinx ELF Check'
elfcheck lab6.elf -hw ../../lab5_hw_platform/system.xml -pe microblaze_0  |tee "lab6.elf.elfcheck"
elfcheck
Xilinx EDK 14.6 Build EDK_P.68d
Copyright (c) 1995-2012 Xilinx, Inc.  All rights reserved.

Command Line: elfcheck -hw ../../lab5_hw_platform/system.xml -pe microblaze_0
lab6.elf 

ELF file	: lab6.elf
elfcheck passed.
'Finished building: lab6.elf.elfcheck'
' '
10:20:30 **** Auto Build of configuration Debug for project lab6 ****
make all 
'Building file: ../src/helloworld.c'
'Invoking: MicroBlaze gcc compiler'
mb-gcc -Wall -O0 -g3 -c -fmessage-length=0 -I../../lab6_bsp/microblaze_0/include -mlittle-endian -mxl-barrel-shift -mxl-pattern-compare -mcpu=v8.50.b -mno-xl-soft-mul -Wl,--no-relax -ffunction-sections -fdata-sections -MMD -MP -MF"src/helloworld.d" -MT"src/helloworld.d" -o "src/helloworld.o" "../src/helloworld.c"
../src/helloworld.c: In function 'main':
../src/helloworld.c:54:29: warning: unused variable 'value3' [-Wunused-variable]
../src/helloworld.c:54:21: warning: unused variable 'value2' [-Wunused-variable]
../src/helloworld.c:54:13: warning: unused variable 'value1' [-Wunused-variable]
'Finished building: ../src/helloworld.c'
' '
'Building target: lab6.elf'
'Invoking: MicroBlaze gcc linker'
mb-gcc -Wl,-T -Wl,../src/lscript.ld -L../../lab6_bsp/microblaze_0/lib -mlittle-endian -mxl-barrel-shift -mxl-pattern-compare -mcpu=v8.50.b -mno-xl-soft-mul -Wl,--no-relax -Wl,--gc-sections -o "lab6.elf"  ./src/helloworld.o ./src/platform.o ./src/vga_periph_mem.o ./src/vga_periph_mem_selftest.o   -Wl,--start-group,-lxil,-lgcc,-lc,--end-group
'Finished building target: lab6.elf'
' '
'Invoking: MicroBlaze Print Size'
mb-size lab6.elf  |tee "lab6.elf.size"
   text	   data	    bss	    dec	    hex	filename
   8298	    316	   2250	  10864	   2a70	lab6.elf
'Finished building: lab6.elf.size'
' '
'Invoking: Xilinx ELF Check'
elfcheck lab6.elf -hw ../../lab5_hw_platform/system.xml -pe microblaze_0  |tee "lab6.elf.elfcheck"
elfcheck
Xilinx EDK 14.6 Build EDK_P.68d
Copyright (c) 1995-2012 Xilinx, Inc.  All rights reserved.

Command Line: elfcheck -hw ../../lab5_hw_platform/system.xml -pe microblaze_0
lab6.elf 

ELF file	: lab6.elf
elfcheck passed.
'Finished building: lab6.elf.elfcheck'
' '
10:20:53 **** Auto Build of configuration Debug for project lab6 ****
make all 
'Building file: ../src/helloworld.c'
'Invoking: MicroBlaze gcc compiler'
mb-gcc -Wall -O0 -g3 -c -fmessage-length=0 -I../../lab6_bsp/microblaze_0/include -mlittle-endian -mxl-barrel-shift -mxl-pattern-compare -mcpu=v8.50.b -mno-xl-soft-mul -Wl,--no-relax -ffunction-sections -fdata-sections -MMD -MP -MF"src/helloworld.d" -MT"src/helloworld.d" -o "src/helloworld.o" "../src/helloworld.c"
../src/helloworld.c: In function 'main':
../src/helloworld.c:54:29: warning: unused variable 'value3' [-Wunused-variable]
../src/helloworld.c:54:21: warning: unused variable 'value2' [-Wunused-variable]
../src/helloworld.c:54:13: warning: unused variable 'value1' [-Wunused-variable]
'Finished building: ../src/helloworld.c'
' '
'Building target: lab6.elf'
'Invoking: MicroBlaze gcc linker'
mb-gcc -Wl,-T -Wl,../src/lscript.ld -L../../lab6_bsp/microblaze_0/lib -mlittle-endian -mxl-barrel-shift -mxl-pattern-compare -mcpu=v8.50.b -mno-xl-soft-mul -Wl,--no-relax -Wl,--gc-sections -o "lab6.elf"  ./src/helloworld.o ./src/platform.o ./src/vga_periph_mem.o ./src/vga_periph_mem_selftest.o   -Wl,--start-group,-lxil,-lgcc,-lc,--end-group
'Finished building target: lab6.elf'
' '
'Invoking: MicroBlaze Print Size'
mb-size lab6.elf  |tee "lab6.elf.size"
   text	   data	    bss	    dec	    hex	filename
   8570	    316	   2250	  11136	   2b80	lab6.elf
'Finished building: lab6.elf.size'
' '
'Invoking: Xilinx ELF Check'
elfcheck lab6.elf -hw ../../lab5_hw_platform/system.xml -pe microblaze_0  |tee "lab6.elf.elfcheck"
elfcheck
Xilinx EDK 14.6 Build EDK_P.68d
Copyright (c) 1995-2012 Xilinx, Inc.  All rights reserved.

Command Line: elfcheck -hw ../../lab5_hw_platform/system.xml -pe microblaze_0
lab6.elf 

ELF file	: lab6.elf
elfcheck passed.
'Finished building: lab6.elf.elfcheck'
' '
10:21:40 **** Auto Build of configuration Debug for project lab6 ****
make all 
'Building file: ../src/helloworld.c'
'Invoking: MicroBlaze gcc compiler'
mb-gcc -Wall -O0 -g3 -c -fmessage-length=0 -I../../lab6_bsp/microblaze_0/include -mlittle-endian -mxl-barrel-shift -mxl-pattern-compare -mcpu=v8.50.b -mno-xl-soft-mul -Wl,--no-relax -ffunction-sections -fdata-sections -MMD -MP -MF"src/helloworld.d" -MT"src/helloworld.d" -o "src/helloworld.o" "../src/helloworld.c"
'Finished building: ../src/helloworld.c'
' '
'Building target: lab6.elf'
'Invoking: MicroBlaze gcc linker'
mb-gcc -Wl,-T -Wl,../src/lscript.ld -L../../lab6_bsp/microblaze_0/lib -mlittle-endian -mxl-barrel-shift -mxl-pattern-compare -mcpu=v8.50.b -mno-xl-soft-mul -Wl,--no-relax -Wl,--gc-sections -o "lab6.elf"  ./src/helloworld.o ./src/platform.o ./src/vga_periph_mem.o ./src/vga_periph_mem_selftest.o   -Wl,--start-group,-lxil,-lgcc,-lc,--end-group
'Finished building target: lab6.elf'
' '
'Invoking: MicroBlaze Print Size'
mb-size lab6.elf  |tee "lab6.elf.size"
   text	   data	    bss	    dec	    hex	filename
   8570	    316	   2250	  11136	   2b80	lab6.elf
'Finished building: lab6.elf.size'
' '
'Invoking: Xilinx ELF Check'
elfcheck lab6.elf -hw ../../lab5_hw_platform/system.xml -pe microblaze_0  |tee "lab6.elf.elfcheck"
elfcheck
Xilinx EDK 14.6 Build EDK_P.68d
Copyright (c) 1995-2012 Xilinx, Inc.  All rights reserved.

Command Line: elfcheck -hw ../../lab5_hw_platform/system.xml -pe microblaze_0
lab6.elf 

ELF file	: lab6.elf
elfcheck passed.
'Finished building: lab6.elf.elfcheck'
' '
10:21:43 **** Auto Build of configuration Debug for project lab6 ****
make all 
'Building file: ../src/helloworld.c'
'Invoking: MicroBlaze gcc compiler'
mb-gcc -Wall -O0 -g3 -c -fmessage-length=0 -I../../lab6_bsp/microblaze_0/include -mlittle-endian -mxl-barrel-shift -mxl-pattern-compare -mcpu=v8.50.b -mno-xl-soft-mul -Wl,--no-relax -ffunction-sections -fdata-sections -MMD -MP -MF"src/helloworld.d" -MT"src/helloworld.d" -o "src/helloworld.o" "../src/helloworld.c"
'Finished building: ../src/helloworld.c'
' '
'Building target: lab6.elf'
'Invoking: MicroBlaze gcc linker'
mb-gcc -Wl,-T -Wl,../src/lscript.ld -L../../lab6_bsp/microblaze_0/lib -mlittle-endian -mxl-barrel-shift -mxl-pattern-compare -mcpu=v8.50.b -mno-xl-soft-mul -Wl,--no-relax -Wl,--gc-sections -o "lab6.elf"  ./src/helloworld.o ./src/platform.o ./src/vga_periph_mem.o ./src/vga_periph_mem_selftest.o   -Wl,--start-group,-lxil,-lgcc,-lc,--end-group
'Finished building target: lab6.elf'
' '
'Invoking: MicroBlaze Print Size'
mb-size lab6.elf  |tee "lab6.elf.size"
   text	   data	    bss	    dec	    hex	filename
   8570	    316	   2250	  11136	   2b80	lab6.elf
'Finished building: lab6.elf.size'
' '
'Invoking: Xilinx ELF Check'
elfcheck lab6.elf -hw ../../lab5_hw_platform/system.xml -pe microblaze_0  |tee "lab6.elf.elfcheck"
elfcheck
Xilinx EDK 14.6 Build EDK_P.68d
Copyright (c) 1995-2012 Xilinx, Inc.  All rights reserved.

Command Line: elfcheck -hw ../../lab5_hw_platform/system.xml -pe microblaze_0
lab6.elf 

ELF file	: lab6.elf
elfcheck passed.
'Finished building: lab6.elf.elfcheck'
' '
